// Jest Snapshot v1, https://goo.gl/fbAQLP

exports[`Box tree looks like how it should 1`] = `
<div
  className="box component--box"
/>
`;
