// Jest Snapshot v1, https://goo.gl/fbAQLP

exports[`ComponentPreviewVisual tree looks like how it should 1`] = `
<div
  className="preview"
  id={undefined}
/>
`;
