// Jest Snapshot v1, https://goo.gl/fbAQLP

exports[`ComponentListItem tree looks like how it should 1`] = `
<a
  className="list-content"
  href="#"
>
  <span
    className="color-bar"
    style={
      Object {
        "backgroundColor": "#f00",
      }
    }
  />
  <div />
</a>
`;
